Command line invocation:
    /Applications/Xcode.app/Contents/Developer/usr/bin/xcodebuild -project "Final Version.xcodeproj" -scheme "Final Version" build -destination generic/platform=iOS CODE_SIGNING_ALLOWED=NO

Build settings from command line:
    CODE_SIGNING_ALLOWED = NO

2026-06-07 00:19:25.771 xcodebuild[82025:2433520] [MT] IDERunDestination: Supported platforms for the buildables in the current scheme is empty.
ComputePackagePrebuildTargetDependencyGraph

Prepare packages

CreateBuildRequest

SendProjectDescription

CreateBuildOperation

ComputeTargetDependencyGraph
note: Building targets in dependency order
note: Target dependency graph (1 target)
    Target 'Final Version' in project 'Final Version' (no dependencies)

GatherProvisioningInputs

CreateBuildDescription

ExecuteExternalTool /Applications/Xcode.app/Contents/Developer/Toolchains/XcodeDefault.xctoolchain/usr/bin/clang -v -E -dM -isysroot /Applications/Xcode.app/Contents/Developer/Platforms/iPhoneOS.platform/Developer/SDKs/iPhoneOS26.4.sdk -x c -c /dev/null

ExecuteExternalTool /Applications/Xcode.app/Contents/Developer/usr/bin/actool --print-asset-tag-combinations --output-format xml1 /Users/cirogiovannicalisto/Desktop/Progetti/CH7/Challenge-7-Apple-Accademy/Final Version/AppIcon1.icon /Users/cirogiovannicalisto/Desktop/Progetti/CH7/Challenge-7-Apple-Accademy/Final Version/AppIcon2.icon /Users/cirogiovannicalisto/Desktop/Progetti/CH7/Challenge-7-Apple-Accademy/Final Version/Assets.xcassets

ExecuteExternalTool /Applications/Xcode.app/Contents/Developer/usr/bin/actool --version --output-format xml1

ExecuteExternalTool /Applications/Xcode.app/Contents/Developer/Toolchains/XcodeDefault.xctoolchain/usr/bin/swiftc --version

ExecuteExternalTool /Applications/Xcode.app/Contents/Developer/Toolchains/XcodeDefault.xctoolchain/usr/bin/ld -version_details

Build description signature: 6c9cb7d25421d24f0f03470b24053c8e
Build description path: /Users/cirogiovannicalisto/Library/Developer/Xcode/DerivedData/Final_Version-gqdxjsjsbmjcimblwbnitzwmsisn/Build/Intermediates.noindex/XCBuildData/6c9cb7d25421d24f0f03470b24053c8e.xcbuilddata
ClangStatCache /Applications/Xcode.app/Contents/Developer/Toolchains/XcodeDefault.xctoolchain/usr/bin/clang-stat-cache /Applications/Xcode.app/Contents/Developer/Platforms/iPhoneOS.platform/Developer/SDKs/iPhoneOS26.4.sdk /Users/cirogiovannicalisto/Library/Developer/Xcode/DerivedData/SDKStatCaches.noindex/iphoneos26.4-23E252-68a138bb55de9ba35ce6c8c40d12849e.sdkstatcache
    cd /Users/cirogiovannicalisto/Desktop/Progetti/CH7/Challenge-7-Apple-Accademy/Final\ Version.xcodeproj
    /Applications/Xcode.app/Contents/Developer/Toolchains/XcodeDefault.xctoolchain/usr/bin/clang-stat-cache /Applications/Xcode.app/Contents/Developer/Platforms/iPhoneOS.platform/Developer/SDKs/iPhoneOS26.4.sdk -o /Users/cirogiovannicalisto/Library/Developer/Xcode/DerivedData/SDKStatCaches.noindex/iphoneos26.4-23E252-68a138bb55de9ba35ce6c8c40d12849e.sdkstatcache

ProcessInfoPlistFile /Users/cirogiovannicalisto/Library/Developer/Xcode/DerivedData/Final_Version-gqdxjsjsbmjcimblwbnitzwmsisn/Build/Products/Debug-iphoneos/Final\ Version.app/Info.plist /Users/cirogiovannicalisto/Library/Developer/Xcode/DerivedData/Final_Version-gqdxjsjsbmjcimblwbnitzwmsisn/Build/Intermediates.noindex/Final\ Version.build/Debug-iphoneos/Final\ Version.build/empty-Final\ Version.plist (in target 'Final Version' from project 'Final Version')
    cd /Users/cirogiovannicalisto/Desktop/Progetti/CH7/Challenge-7-Apple-Accademy
    builtin-infoPlistUtility /Users/cirogiovannicalisto/Library/Developer/Xcode/DerivedData/Final_Version-gqdxjsjsbmjcimblwbnitzwmsisn/Build/Intermediates.noindex/Final\ Version.build/Debug-iphoneos/Final\ Version.build/empty-Final\ Version.plist -producttype com.apple.product-type.application -genpkginfo /Users/cirogiovannicalisto/Library/Developer/Xcode/DerivedData/Final_Version-gqdxjsjsbmjcimblwbnitzwmsisn/Build/Products/Debug-iphoneos/Final\ Version.app/PkgInfo -expandbuildsettings -format binary -platform iphoneos -additionalcontentfile /Users/cirogiovannicalisto/Library/Developer/Xcode/DerivedData/Final_Version-gqdxjsjsbmjcimblwbnitzwmsisn/Build/Intermediates.noindex/Final\ Version.build/Debug-iphoneos/Final\ Version.build/assetcatalog_generated_info.plist -requiredArchitecture arm64 -o /Users/cirogiovannicalisto/Library/Developer/Xcode/DerivedData/Final_Version-gqdxjsjsbmjcimblwbnitzwmsisn/Build/Products/Debug-iphoneos/Final\ Version.app/Info.plist

SwiftDriver Final\ Version normal arm64 com.apple.xcode.tools.swift.compiler (in target 'Final Version' from project 'Final Version')
    cd /Users/cirogiovannicalisto/Desktop/Progetti/CH7/Challenge-7-Apple-Accademy
    builtin-SwiftDriver -- /Applications/Xcode.app/Contents/Developer/Toolchains/XcodeDefault.xctoolchain/usr/bin/swiftc -module-name Final_Version -Onone @/Users/cirogiovannicalisto/Library/Developer/Xcode/DerivedData/Final_Version-gqdxjsjsbmjcimblwbnitzwmsisn/Build/Intermediates.noindex/Final\ Version.build/Debug-iphoneos/Final\ Version.build/Objects-normal/arm64/Final\ Version.SwiftFileList -DDEBUG -default-isolation\=MainActor -enable-bare-slash-regex -enable-upcoming-feature DisableOutwardActorInference -enable-upcoming-feature InferSendableFromCaptures -enable-upcoming-feature GlobalActorIsolatedTypesUsability -enable-upcoming-feature MemberImportVisibility -enable-upcoming-feature InferIsolatedConformances -enable-upcoming-feature NonisolatedNonsendingByDefault -enable-experimental-feature DebugDescriptionMacro -sdk /Applications/Xcode.app/Contents/Developer/Platforms/iPhoneOS.platform/Developer/SDKs/iPhoneOS26.4.sdk -target arm64-apple-ios26.0 -g -module-cache-path /Users/cirogiovannicalisto/Library/Developer/Xcode/DerivedData/ModuleCache.noindex -Xfrontend -serialize-debugging-options -enable-testing -index-store-path /Users/cirogiovannicalisto/Library/Developer/Xcode/DerivedData/Final_Version-gqdxjsjsbmjcimblwbnitzwmsisn/Index.noindex/DataStore -Xcc -D_LIBCPP_HARDENING_MODE\=_LIBCPP_HARDENING_MODE_DEBUG -swift-version 5 -I /Users/cirogiovannicalisto/Library/Developer/Xcode/DerivedData/Final_Version-gqdxjsjsbmjcimblwbnitzwmsisn/Build/Products/Debug-iphoneos -F /Users/cirogiovannicalisto/Library/Developer/Xcode/DerivedData/Final_Version-gqdxjsjsbmjcimblwbnitzwmsisn/Build/Products/Debug-iphoneos -emit-localized-strings -emit-localized-strings-path /Users/cirogiovannicalisto/Library/Developer/Xcode/DerivedData/Final_Version-gqdxjsjsbmjcimblwbnitzwmsisn/Build/Intermediates.noindex/Final\ Version.build/Debug-iphoneos/Final\ Version.build/Objects-normal/arm64 -c -j10 -enable-batch-mode -incremental -Xcc -ivfsstatcache -Xcc /Users/cirogiovannicalisto/Library/Developer/Xcode/DerivedData/SDKStatCaches.noindex/iphoneos26.4-23E252-68a138bb55de9ba35ce6c8c40d12849e.sdkstatcache -output-file-map /Users/cirogiovannicalisto/Library/Developer/Xcode/DerivedData/Final_Version-gqdxjsjsbmjcimblwbnitzwmsisn/Build/Intermediates.noindex/Final\ Version.build/Debug-iphoneos/Final\ Version.build/Objects-normal/arm64/Final\ Version-OutputFileMap.json -use-frontend-parseable-output -save-temps -no-color-diagnostics -explicit-module-build -module-cache-path /Users/cirogiovannicalisto/Library/Developer/Xcode/DerivedData/Final_Version-gqdxjsjsbmjcimblwbnitzwmsisn/Build/Intermediates.noindex/SwiftExplicitPrecompiledModules -clang-scanner-module-cache-path /Users/cirogiovannicalisto/Library/Developer/Xcode/DerivedData/ModuleCache.noindex -sdk-module-cache-path /Users/cirogiovannicalisto/Library/Developer/Xcode/DerivedData/ModuleCache.noindex -serialize-diagnostics -emit-dependencies -emit-module -emit-module-path /Users/cirogiovannicalisto/Library/Developer/Xcode/DerivedData/Final_Version-gqdxjsjsbmjcimblwbnitzwmsisn/Build/Intermediates.noindex/Final\ Version.build/Debug-iphoneos/Final\ Version.build/Objects-normal/arm64/Final_Version.swiftmodule -validate-clang-modules-once -clang-build-session-file /Users/cirogiovannicalisto/Library/Developer/Xcode/DerivedData/ModuleCache.noindex/Session.modulevalidation -Xcc -I/Users/cirogiovannicalisto/Library/Developer/Xcode/DerivedData/Final_Version-gqdxjsjsbmjcimblwbnitzwmsisn/Build/Intermediates.noindex/Final\ Version.build/Debug-iphoneos/Final\ Version.build/swift-overrides.hmap -emit-const-values -Xfrontend -const-gather-protocols-file -Xfrontend /Users/cirogiovannicalisto/Library/Developer/Xcode/DerivedData/Final_Version-gqdxjsjsbmjcimblwbnitzwmsisn/Build/Intermediates.noindex/Final\ Version.build/Debug-iphoneos/Final\ Version.build/Objects-normal/arm64/Final\ Version_const_extract_protocols.json -Xcc -iquote -Xcc /Users/cirogiovannicalisto/Library/Developer/Xcode/DerivedData/Final_Version-gqdxjsjsbmjcimblwbnitzwmsisn/Build/Intermediates.noindex/Final\ Version.build/Debug-iphoneos/Final\ Version.build/Final\ Version-generated-files.hmap -Xcc -I/Users/cirogiovannicalisto/Library/Developer/Xcode/DerivedData/Final_Version-gqdxjsjsbmjcimblwbnitzwmsisn/Build/Intermediates.noindex/Final\ Version.build/Debug-iphoneos/Final\ Version.build/Final\ Version-own-target-headers.hmap -Xcc -I/Users/cirogiovannicalisto/Library/Developer/Xcode/DerivedData/Final_Version-gqdxjsjsbmjcimblwbnitzwmsisn/Build/Intermediates.noindex/Final\ Version.build/Debug-iphoneos/Final\ Version.build/Final\ Version-all-target-headers.hmap -Xcc -iquote -Xcc /Users/cirogiovannicalisto/Library/Developer/Xcode/DerivedData/Final_Version-gqdxjsjsbmjcimblwbnitzwmsisn/Build/Intermediates.noindex/Final\ Version.build/Debug-iphoneos/Final\ Version.build/Final\ Version-project-headers.hmap -Xcc -I/Users/cirogiovannicalisto/Library/Developer/Xcode/DerivedData/Final_Version-gqdxjsjsbmjcimblwbnitzwmsisn/Build/Products/Debug-iphoneos/include -Xcc -I/Users/cirogiovannicalisto/Library/Developer/Xcode/DerivedData/Final_Version-gqdxjsjsbmjcimblwbnitzwmsisn/Build/Intermediates.noindex/Final\ Version.build/Debug-iphoneos/Final\ Version.build/DerivedSources-normal/arm64 -Xcc -I/Users/cirogiovannicalisto/Library/Developer/Xcode/DerivedData/Final_Version-gqdxjsjsbmjcimblwbnitzwmsisn/Build/Intermediates.noindex/Final\ Version.build/Debug-iphoneos/Final\ Version.build/DerivedSources/arm64 -Xcc -I/Users/cirogiovannicalisto/Library/Developer/Xcode/DerivedData/Final_Version-gqdxjsjsbmjcimblwbnitzwmsisn/Build/Intermediates.noindex/Final\ Version.build/Debug-iphoneos/Final\ Version.build/DerivedSources -Xcc -DDEBUG\=1 -emit-objc-header -emit-objc-header-path /Users/cirogiovannicalisto/Library/Developer/Xcode/DerivedData/Final_Version-gqdxjsjsbmjcimblwbnitzwmsisn/Build/Intermediates.noindex/Final\ Version.build/Debug-iphoneos/Final\ Version.build/Objects-normal/arm64/Final_Version-Swift.h -working-directory /Users/cirogiovannicalisto/Desktop/Progetti/CH7/Challenge-7-Apple-Accademy -experimental-emit-module-separately -disable-cmo

SwiftCompile normal arm64 Compiling\ CloudTransition.swift,\ ContentView.swift /Users/cirogiovannicalisto/Desktop/Progetti/CH7/Challenge-7-Apple-Accademy/Final\ Version/Features/Map/CloudTransition.swift /Users/cirogiovannicalisto/Desktop/Progetti/CH7/Challenge-7-Apple-Accademy/Final\ Version/Features/Map/ContentView.swift (in target 'Final Version' from project 'Final Version')

SwiftCompile normal arm64 /Users/cirogiovannicalisto/Desktop/Progetti/CH7/Challenge-7-Apple-Accademy/Final\ Version/Features/Map/CloudTransition.swift (in target 'Final Version' from project 'Final Version')
    cd /Users/cirogiovannicalisto/Desktop/Progetti/CH7/Challenge-7-Apple-Accademy
    
/Users/cirogiovannicalisto/Desktop/Progetti/CH7/Challenge-7-Apple-Accademy/Final Version/Features/Map/CloudTransition.swift:283:34: warning: main actor-isolated static property 'playOpenDuration' can not be referenced from a nonisolated context
        duration: TimeInterval = playOpenDuration,
                                 ^
/Users/cirogiovannicalisto/Desktop/Progetti/CH7/Challenge-7-Apple-Accademy/Final Version/Features/Map/CloudTransition.swift:264:16: note: static property declared here
    static let playOpenDuration: TimeInterval = 0.8
               ^

SwiftCompile normal arm64 /Users/cirogiovannicalisto/Desktop/Progetti/CH7/Challenge-7-Apple-Accademy/Final\ Version/Features/Map/ContentView.swift (in target 'Final Version' from project 'Final Version')
    cd /Users/cirogiovannicalisto/Desktop/Progetti/CH7/Challenge-7-Apple-Accademy
    

SwiftCompile normal arm64 Compiling\ SequencingActivityView.swift,\ SequencingLayoutMetrics.swift /Users/cirogiovannicalisto/Desktop/Progetti/CH7/Challenge-7-Apple-Accademy/Final\ Version/Features/Sequencing/SequencingActivityView.swift /Users/cirogiovannicalisto/Desktop/Progetti/CH7/Challenge-7-Apple-Accademy/Final\ Version/Features/Sequencing/SequencingLayoutMetrics.swift (in target 'Final Version' from project 'Final Version')
SwiftCompile normal arm64 /Users/cirogiovannicalisto/Desktop/Progetti/CH7/Challenge-7-Apple-Accademy/Final\ Version/Features/Sequencing/SequencingActivityView.swift (in target 'Final Version' from project 'Final Version')
    cd /Users/cirogiovannicalisto/Desktop/Progetti/CH7/Challenge-7-Apple-Accademy
    

SwiftCompile normal arm64 /Users/cirogiovannicalisto/Desktop/Progetti/CH7/Challenge-7-Apple-Accademy/Final\ Version/Features/Sequencing/SequencingLayoutMetrics.swift (in target 'Final Version' from project 'Final Version')
    cd /Users/cirogiovannicalisto/Desktop/Progetti/CH7/Challenge-7-Apple-Accademy
    

SwiftCompile normal arm64 Compiling\ GeneratedAssetSymbols.swift /Users/cirogiovannicalisto/Library/Developer/Xcode/DerivedData/Final_Version-gqdxjsjsbmjcimblwbnitzwmsisn/Build/Intermediates.noindex/Final\ Version.build/Debug-iphoneos/Final\ Version.build/DerivedSources/GeneratedAssetSymbols.swift (in target 'Final Version' from project 'Final Version')

SwiftCompile normal arm64 /Users/cirogiovannicalisto/Library/Developer/Xcode/DerivedData/Final_Version-gqdxjsjsbmjcimblwbnitzwmsisn/Build/Intermediates.noindex/Final\ Version.build/Debug-iphoneos/Final\ Version.build/DerivedSources/GeneratedAssetSymbols.swift (in target 'Final Version' from project 'Final Version')
    cd /Users/cirogiovannicalisto/Desktop/Progetti/CH7/Challenge-7-Apple-Accademy
    

SwiftCompile normal arm64 Compiling\ MainMenuView.swift,\ AdaptiveMapContainer.swift /Users/cirogiovannicalisto/Desktop/Progetti/CH7/Challenge-7-Apple-Accademy/Final\ Version/Features/MainMenu/MainMenuView.swift /Users/cirogiovannicalisto/Desktop/Progetti/CH7/Challenge-7-Apple-Accademy/Final\ Version/Features/Map/AdaptiveMapContainer.swift (in target 'Final Version' from project 'Final Version')

SwiftCompile normal arm64 /Users/cirogiovannicalisto/Desktop/Progetti/CH7/Challenge-7-Apple-Accademy/Final\ Version/Features/MainMenu/MainMenuView.swift (in target 'Final Version' from project 'Final Version')
    cd /Users/cirogiovannicalisto/Desktop/Progetti/CH7/Challenge-7-Apple-Accademy
    

SwiftCompile normal arm64 /Users/cirogiovannicalisto/Desktop/Progetti/CH7/Challenge-7-Apple-Accademy/Final\ Version/Features/Map/AdaptiveMapContainer.swift (in target 'Final Version' from project 'Final Version')
    cd /Users/cirogiovannicalisto/Desktop/Progetti/CH7/Challenge-7-Apple-Accademy
    

SwiftCompile normal arm64 Compiling\ DialogueTextPaginator.swift /Users/cirogiovannicalisto/Desktop/Progetti/CH7/Challenge-7-Apple-Accademy/Final\ Version/SharedUI/DialogueTextPaginator.swift (in target 'Final Version' from project 'Final Version')

SwiftCompile normal arm64 /Users/cirogiovannicalisto/Desktop/Progetti/CH7/Challenge-7-Apple-Accademy/Final\ Version/SharedUI/DialogueTextPaginator.swift (in target 'Final Version' from project 'Final Version')
    cd /Users/cirogiovannicalisto/Desktop/Progetti/CH7/Challenge-7-Apple-Accademy
    

SwiftCompile normal arm64 Compiling\ ARBookView.swift,\ BookView.swift /Users/cirogiovannicalisto/Desktop/Progetti/CH7/Challenge-7-Apple-Accademy/Final\ Version/SharedUI/ARBookView.swift /Users/cirogiovannicalisto/Desktop/Progetti/CH7/Challenge-7-Apple-Accademy/Final\ Version/SharedUI/BookView.swift (in target 'Final Version' from project 'Final Version')
Failed frontend command:
/Applications/Xcode.app/Contents/Developer/Toolchains/XcodeDefault.xctoolchain/usr/bin/swift-frontend -frontend -c /Users/cirogiovannicalisto/Desktop/Progetti/CH7/Challenge-7-Apple-Accademy/Final\ Version/App/Final_VersionApp.swift /Users/cirogiovannicalisto/Desktop/Progetti/CH7/Challenge-7-Apple-Accademy/Final\ Version/App/RootView.swift /Users/cirogiovannicalisto/Desktop/Progetti/CH7/Challenge-7-Apple-Accademy/Final\ Version/Configuration/AppAudioSettings.swift /Users/cirogiovannicalisto/Desktop/Progetti/CH7/Challenge-7-Apple-Accademy/Final\ Version/Configuration/AppColors.swift /Users/cirogiovannicalisto/Desktop/Progetti/CH7/Challenge-7-Apple-Accademy/Final\ Version/Configuration/AppFeatureFlags.swift /Users/cirogiovannicalisto/Desktop/Progetti/CH7/Challenge-7-Apple-Accademy/Final\ Version/Configuration/AppFontSettings.swift /Users/cirogiovannicalisto/Desktop/Progetti/CH7/Challenge-7-Apple-Accademy/Final\ Version/Configuration/AppSettings.swift /Users/cirogiovannicalisto/Desktop/Progetti/CH7/Challenge-7-Apple-Accademy/Final\ Version/Configuration/AppTypography.swift /Users/cirogiovannicalisto/Desktop/Progetti/CH7/Challenge-7-Apple-Accademy/Final\ Version/Configuration/LanguageManager.swift /Users/cirogiovannicalisto/Desktop/Progetti/CH7/Challenge-7-Apple-Accademy/Final\ Version/Configuration/PreviewHelpers.swift /Users/cirogiovannicalisto/Desktop/Progetti/CH7/Challenge-7-Apple-Accademy/Final\ Version/Features/MainMenu/MainMenuView.swift /Users/cirogiovannicalisto/Desktop/Progetti/CH7/Challenge-7-Apple-Accademy/Final\ Version/Features/Map/AdaptiveMapContainer.swift /Users/cirogiovannicalisto/Desktop/Progetti/CH7/Challenge-7-Apple-Accademy/Final\ Version/Features/Map/CloudTransition.swift /Users/cirogiovannicalisto/Desktop/Progetti/CH7/Challenge-7-Apple-Accademy/Final\ Version/Features/Map/ContentView.swift /Users/cirogiovannicalisto/Desktop/Progetti/CH7/Challenge-7-Apple-Accademy/Final\ Version/Features/Map/MapLayout.swift /Users/cirogiovannicalisto/Desktop/Progetti/CH7/Challenge-7-Apple-Accademy/Final\ Version/Features/Map/WorldMapBackgroundView.swift /Users/cirogiovannicalisto/Desktop/Progetti/CH7/Challenge-7-Apple-Accademy/Final\ Version/Features/Onboarding/OnboardingView.swift /Users/cirogiovannicalisto/Desktop/Progetti/CH7/Challenge-7-Apple-Accademy/Final\ Version/Features/Sequencing/SequenceCardView.swift /Users/cirogiovannicalisto/Desktop/Progetti/CH7/Challenge-7-Apple-Accademy/Final\ Version/Features/Sequencing/SequencingActivityView.swift /Users/cirogiovannicalisto/Desktop/Progetti/CH7/Challenge-7-Apple-Accademy/Final\ Version/Features/Sequencing/SequencingLayoutMetrics.swift /Users/cirogiovannicalisto/Desktop/Progetti/CH7/Challenge-7-Apple-Accademy/Final\ Version/Features/Settings/AdvancedSettingsMathGate.swift /Users/cirogiovannicalisto/Desktop/Progetti/CH7/Challenge-7-Apple-Accademy/Final\ Version/Features/Settings/SettingsFrameOverlay.swift /Users/cirogiovannicalisto/Desktop/Progetti/CH7/Challenge-7-Apple-Accademy/Final\ Version/Features/Settings/SettingsView.swift /Users/cirogiovannicalisto/Desktop/Progetti/CH7/Challenge-7-Apple-Accademy/Final\ Version/Features/StoryEvents/EnvelopeOpeningView.swift /Users/cirogiovannicalisto/Desktop/Progetti/CH7/Challenge-7-Apple-Accademy/Final\ Version/Features/StoryEvents/Event1Data.swift /Users/cirogiovannicalisto/Desktop/Progetti/CH7/Challenge-7-Apple-Accademy/Final\ Version/Features/StoryEvents/Event1RewardView.swift /Users/cirogiovannicalisto/Desktop/Progetti/CH7/Challenge-7-Apple-Accademy/Final\ Version/Features/StoryEvents/EventFlowView.swift /Users/cirogiovannicalisto/Desktop/Progetti/CH7/Challenge-7-Apple-Accademy/Final\ Version/Features/StoryEvents/EventIntroductionView.swift /Users/cirogiovannicalisto/Desktop/Progetti/CH7/Challenge-7-Apple-Accademy/Final\ Version/Features/StoryEvents/PackOpeningView.swift /Users/cirogiovannicalisto/Desktop/Progetti/CH7/Challenge-7-Apple-Accademy/Final\ Version/Features/StoryEvents/RedHoodARStoryView.swift /Users/cirogiovannicalisto/Desktop/Progetti/CH7/Challenge-7-Apple-Accademy/Final\ Version/Features/StoryEvents/RedHoodDialogueLoader.swift /Users/cirogiovannicalisto/Desktop/Progetti/CH7/Challenge-7-Apple-Accademy/Final\ Version/Features/StoryEvents/RedHoodLevel0View.swift /Users/cirogiovannicalisto/Desktop/Progetti/CH7/Challenge-7-Apple-Accademy/Final\ Version/Features/StoryEvents/RedHoodLevelFinalView.swift /Users/cirogiovannicalisto/Desktop/Progetti/CH7/Challenge-7-Apple-Accademy/Final\ Version/Features/Tutorial/TutorialOverlayView.swift /Users/cirogiovannicalisto/Desktop/Progetti/CH7/Challenge-7-Apple-Accademy/Final\ Version/Services/BackgroundMusicPlayer.swift /Users/cirogiovannicalisto/Desktop/Progetti/CH7/Challenge-7-Apple-Accademy/Final\ Version/Services/ForestAmbiencePlayer.swift /Users/cirogiovannicalisto/Desktop/Progetti/CH7/Challenge-7-Apple-Accademy/Final\ Version/Services/OrchestralAudioMetrics.swift /Users/cirogiovannicalisto/Desktop/Progetti/CH7/Challenge-7-Apple-Accademy/Final\ Version/Services/OrchestralSequencingPlayer.swift /Users/cirogiovannicalisto/Desktop/Progetti/CH7/Challenge-7-Apple-Accademy/Final\ Version/Services/PianoChordPlayer.swift /Users/cirogiovannicalisto/Desktop/Progetti/CH7/Challenge-7-Apple-Accademy/Final\ Version/Services/SequencingCardSFXPlayer.swift /Users/cirogiovannicalisto/Desktop/Progetti/CH7/Challenge-7-Apple-Accademy/Final\ Version/Services/SequencingSFXMode.swift /Users/cirogiovannicalisto/Desktop/Progetti/CH7/Challenge-7-Apple-Accademy/Final\ Version/Services/SequencingSoundCoordinator.swift /Users/cirogiovannicalisto/Desktop/Progetti/CH7/Challenge-7-Apple-Accademy/Final\ Version/SharedUI/AppMenuTitleView.swift -primary-file /Users/cirogiovannicalisto/Desktop/Progetti/CH7/Challenge-7-Apple-Accademy/Final\ Version/SharedUI/ARBookView.swift /Users/cirogiovannicalisto/Desktop/Progetti/CH7/Challenge-7-Apple-Accademy/Final\ Version/SharedUI/BookChapterUnlockedBanner.swift -primary-file /Users/cirogiovannicalisto/Desktop/Progetti/CH7/Challenge-7-Apple-Accademy/Final\ Version/SharedUI/BookView.swift /Users/cirogiovannicalisto/Desktop/Progetti/CH7/Challenge-7-Apple-Accademy/Final\ Version/SharedUI/DialogueTextPaginator.swift /Users/cirogiovannicalisto/Desktop/Progetti/CH7/Challenge-7-Apple-Accademy/Final\ Version/SharedUI/DialogueTypewriterText.swift /Users/cirogiovannicalisto/Desktop/Progetti/CH7/Challenge-7-Apple-Accademy/Final\ Version/SharedUI/FairyTaleDialogueView.swift /Users/cirogiovannicalisto/Desktop/Progetti/CH7/Challenge-7-Apple-Accademy/Final\ Version/SharedUI/GameButtonMetrics.swift /Users/cirogiovannicalisto/Desktop/Progetti/CH7/Challenge-7-Apple-Accademy/Final\ Version/SharedUI/GameButtonTuningPreview.swift /Users/cirogiovannicalisto/Desktop/Progetti/CH7/Challenge-7-Apple-Accademy/Final\ Version/SharedUI/GamePillButton.swift /Users/cirogiovannicalisto/Desktop/Progetti/CH7/Challenge-7-Apple-Accademy/Final\ Version/SharedUI/MascotGuideView.swift /Users/cirogiovannicalisto/Desktop/Progetti/CH7/Challenge-7-Apple-Accademy/Final\ Version/SharedUI/ParchmentView.swift /Users/cirogiovannicalisto/Library/Developer/Xcode/DerivedData/Final_Version-gqdxjsjsbmjcimblwbnitzwmsisn/Build/Intermediates.noindex/Final\ Version.build/Debug-iphoneos/Final\ Version.build/DerivedSources/GeneratedAssetSymbols.swift -emit-dependencies-path /Users/cirogiovannicalisto/Library/Developer/Xcode/DerivedData/Final_Version-gqdxjsjsbmjcimblwbnitzwmsisn/Build/Intermediates.noindex/Final\ Version.build/Debug-iphoneos/Final\ Version.build/Objects-normal/arm64/ARBookView.d -emit-const-values-path /Users/cirogiovannicalisto/Library/Developer/Xcode/DerivedData/Final_Version-gqdxjsjsbmjcimblwbnitzwmsisn/Build/Intermediates.noindex/Final\ Version.build/Debug-iphoneos/Final\ Version.build/Objects-normal/arm64/ARBookView.swiftconstvalues -emit-reference-dependencies-path /Users/cirogiovannicalisto/Library/Developer/Xcode/DerivedData/Final_Version-gqdxjsjsbmjcimblwbnitzwmsisn/Build/Intermediates.noindex/Final\ Version.build/Debug-iphoneos/Final\ Version.build/Objects-normal/arm64/ARBookView.swiftdeps -serialize-diagnostics-path /Users/cirogiovannicalisto/Library/Developer/Xcode/DerivedData/Final_Version-gqdxjsjsbmjcimblwbnitzwmsisn/Build/Intermediates.noindex/Final\ Version.build/Debug-iphoneos/Final\ Version.build/Objects-normal/arm64/ARBookView.dia -emit-dependencies-path /Users/cirogiovannicalisto/Library/Developer/Xcode/DerivedData/Final_Version-gqdxjsjsbmjcimblwbnitzwmsisn/Build/Intermediates.noindex/Final\ Version.build/Debug-iphoneos/Final\ Version.build/Objects-normal/arm64/BookView.d -emit-const-values-path /Users/cirogiovannicalisto/Library/Developer/Xcode/DerivedData/Final_Version-gqdxjsjsbmjcimblwbnitzwmsisn/Build/Intermediates.noindex/Final\ Version.build/Debug-iphoneos/Final\ Version.build/Objects-normal/arm64/BookView.swiftconstvalues -emit-reference-dependencies-path /Users/cirogiovannicalisto/Library/Developer/Xcode/DerivedData/Final_Version-gqdxjsjsbmjcimblwbnitzwmsisn/Build/Intermediates.noindex/Final\ Version.build/Debug-iphoneos/Final\ Version.build/Objects-normal/arm64/BookView.swiftdeps -serialize-diagnostics-path /Users/cirogiovannicalisto/Library/Developer/Xcode/DerivedData/Final_Version-gqdxjsjsbmjcimblwbnitzwmsisn/Build/Intermediates.noindex/Final\ Version.build/Debug-iphoneos/Final\ Version.build/Objects-normal/arm64/BookView.dia -emit-localized-strings -emit-localized-strings-path /Users/cirogiovannicalisto/Library/Developer/Xcode/DerivedData/Final_Version-gqdxjsjsbmjcimblwbnitzwmsisn/Build/Intermediates.noindex/Final\ Version.build/Debug-iphoneos/Final\ Version.build/Objects-normal/arm64 -target arm64-apple-ios26.0 -module-can-import-version DeveloperToolsSupport 23.40.26 23.40.26 -module-can-import-version SwiftUI 7.4.27.1 7.4.27 -module-can-import-version UIKit 9126.4.27.1 9126.4.27 -disable-cross-import-overlay-search -swift-module-cross-import SceneKit /Applications/Xcode.app/Contents/Developer/Platforms/iPhoneOS.platform/Developer/SDKs/iPhoneOS.sdk/System/Library/Frameworks/SceneKit.framework/Modules/SceneKit.swiftcrossimport/SwiftUI.swiftoverlay -load-resolved-plugin /Applications/Xcode.app/Contents/Developer/Platforms/iPhoneOS.platform/Developer/usr/lib/swift/host/plugins/libFoundationMacros.dylib\#/Applications/Xcode.app/Contents/Developer/Platforms/iPhoneOS.platform/Developer/usr/bin/swift-plugin-server\#FoundationMacros -load-resolved-plugin /Applications/Xcode.app/Contents/Developer/Platforms/iPhoneOS.platform/Developer/usr/lib/swift/host/plugins/libObservationMacros.dylib\#/Applications/Xcode.app/Contents/Developer/Platforms/iPhoneOS.platform/Developer/usr/bin/swift-plugin-server\#ObservationMacros -load-resolved-plugin /Applications/Xcode.app/Contents/Developer/Platforms/iPhoneOS.platform/Developer/usr/lib/swift/host/plugins/libPreviewsMacros.dylib\#/Applications/Xcode.app/Contents/Developer/Platforms/iPhoneOS.platform/Developer/usr/bin/swift-plugin-server\#PreviewsMacros -load-resolved-plugin /Applications/Xcode.app/Contents/Developer/Platforms/iPhoneOS.platform/Developer/usr/lib/swift/host/plugins/libSwiftMacros.dylib\#/Applications/Xcode.app/Contents/Developer/Platforms/iPhoneOS.platform/Developer/usr/bin/swift-plugin-server\#SwiftMacros -load-resolved-plugin /Applications/Xcode.app/Contents/Developer/Platforms/iPhoneOS.platform/Developer/usr/lib/swift/host/plugins/libSwiftUIMacros.dylib\#/Applications/Xcode.app/Contents/Developer/Platforms/iPhoneOS.platform/Developer/usr/bin/swift-plugin-server\#SwiftUIMacros -disable-implicit-swift-modules -Xcc -fno-implicit-modules -Xcc -fno-implicit-module-maps -explicit-swift-module-map-file /Users/cirogiovannicalisto/Library/Developer/Xcode/DerivedData/Final_Version-gqdxjsjsbmjcimblwbnitzwmsisn/Build/Intermediates.noindex/Final\ Version.build/Debug-iphoneos/Final\ Version.build/Objects-normal/arm64/Final_Version-dependencies-1.json -debug-module-path /Users/cirogiovannicalisto/Library/Developer/Xcode/DerivedData/Final_Version-gqdxjsjsbmjcimblwbnitzwmsisn/Build/Intermediates.noindex/Final\ Version.build/Debug-iphoneos/Final\ Version.build/Objects-normal/arm64/Final_Version.swiftmodule -Xllvm -aarch64-use-tbi -enable-objc-interop -stack-check -sdk /Applications/Xcode.app/Contents/Developer/Platforms/iPhoneOS.platform/Developer/SDKs/iPhoneOS26.4.sdk -I /Users/cirogiovannicalisto/Library/Developer/Xcode/DerivedData/Final_Version-gqdxjsjsbmjcimblwbnitzwmsisn/Build/Products/Debug-iphoneos -F /Users/cirogiovannicalisto/Library/Developer/Xcode/DerivedData/Final_Version-gqdxjsjsbmjcimblwbnitzwmsisn/Build/Products/Debug-iphoneos -no-color-diagnostics -Xcc -fno-color-diagnostics -enable-testing -g -debug-info-format\=dwarf -dwarf-version\=5 -module-cache-path /Users/cirogiovannicalisto/Library/Developer/Xcode/DerivedData/Final_Version-gqdxjsjsbmjcimblwbnitzwmsisn/Build/Intermediates.noindex/SwiftExplicitPrecompiledModules -swift-version 5 -Onone -D DEBUG -serialize-debugging-options -const-gather-protocols-file /Users/cirogiovannicalisto/Library/Developer/Xcode/DerivedData/Final_Version-gqdxjsjsbmjcimblwbnitzwmsisn/Build/Intermediates.noindex/Final\ Version.build/Debug-iphoneos/Final\ Version.build/Objects-normal/arm64/Final\ Version_const_extract_protocols.json -enable-upcoming-feature DisableOutwardActorInference -enable-upcoming-feature InferSendableFromCaptures -enable-upcoming-feature GlobalActorIsolatedTypesUsability -enable-upcoming-feature MemberImportVisibility -enable-upcoming-feature InferIsolatedConformances -enable-upcoming-feature NonisolatedNonsendingByDefault -enable-experimental-feature DebugDescriptionMacro -enable-bare-slash-regex -default-isolation\=MainActor -empty-abi-descriptor -validate-clang-modules-once -clang-build-session-file /Users/cirogiovannicalisto/Library/Developer/Xcode/DerivedData/ModuleCache.noindex/Session.modulevalidation -Xcc -working-directory -Xcc /Users/cirogiovannicalisto/Desktop/Progetti/CH7/Challenge-7-Apple-Accademy -enable-anonymous-context-mangled-names -file-compilation-dir /Users/cirogiovannicalisto/Desktop/Progetti/CH7/Challenge-7-Apple-Accademy -Xcc -D_LIBCPP_HARDENING_MODE\=_LIBCPP_HARDENING_MODE_DEBUG -Xcc -ivfsstatcache -Xcc /Users/cirogiovannicalisto/Library/Developer/Xcode/DerivedData/SDKStatCaches.noindex/iphoneos26.4-23E252-68a138bb55de9ba35ce6c8c40d12849e.sdkstatcache -Xcc -I/Users/cirogiovannicalisto/Library/Developer/Xcode/DerivedData/Final_Version-gqdxjsjsbmjcimblwbnitzwmsisn/Build/Intermediates.noindex/Final\ Version.build/Debug-iphoneos/Final\ Version.build/swift-overrides.hmap -Xcc -iquote -Xcc /Users/cirogiovannicalisto/Library/Developer/Xcode/DerivedData/Final_Version-gqdxjsjsbmjcimblwbnitzwmsisn/Build/Intermediates.noindex/Final\ Version.build/Debug-iphoneos/Final\ Version.build/Final\ Version-generated-files.hmap -Xcc -I/Users/cirogiovannicalisto/Library/Developer/Xcode/DerivedData/Final_Version-gqdxjsjsbmjcimblwbnitzwmsisn/Build/Intermediates.noindex/Final\ Version.build/Debug-iphoneos/Final\ Version.build/Final\ Version-own-target-headers.hmap -Xcc -I/Users/cirogiovannicalisto/Library/Developer/Xcode/DerivedData/Final_Version-gqdxjsjsbmjcimblwbnitzwmsisn/Build/Intermediates.noindex/Final\ Version.build/Debug-iphoneos/Final\ Version.build/Final\ Version-all-target-headers.hmap -Xcc -iquote -Xcc /Users/cirogiovannicalisto/Library/Developer/Xcode/DerivedData/Final_Version-gqdxjsjsbmjcimblwbnitzwmsisn/Build/Intermediates.noindex/Final\ Version.build/Debug-iphoneos/Final\ Version.build/Final\ Version-project-headers.hmap -Xcc -I/Users/cirogiovannicalisto/Library/Developer/Xcode/DerivedData/Final_Version-gqdxjsjsbmjcimblwbnitzwmsisn/Build/Products/Debug-iphoneos/include -Xcc -I/Users/cirogiovannicalisto/Library/Developer/Xcode/DerivedData/Final_Version-gqdxjsjsbmjcimblwbnitzwmsisn/Build/Intermediates.noindex/Final\ Version.build/Debug-iphoneos/Final\ Version.build/DerivedSources-normal/arm64 -Xcc -I/Users/cirogiovannicalisto/Library/Developer/Xcode/DerivedData/Final_Version-gqdxjsjsbmjcimblwbnitzwmsisn/Build/Intermediates.noindex/Final\ Version.build/Debug-iphoneos/Final\ Version.build/DerivedSources/arm64 -Xcc -I/Users/cirogiovannicalisto/Library/Developer/Xcode/DerivedData/Final_Version-gqdxjsjsbmjcimblwbnitzwmsisn/Build/Intermediates.noindex/Final\ Version.build/Debug-iphoneos/Final\ Version.build/DerivedSources -Xcc -DDEBUG\=1 -no-auto-bridging-header-chaining -module-name Final_Version -frontend-parseable-output -disable-clang-spi -clang-target arm64-apple-ios26.4 -target-sdk-version 26.4 -target-sdk-name iphoneos26.4 -in-process-plugin-server-path /Applications/Xcode.app/Contents/Developer/Toolchains/XcodeDefault.xctoolchain/usr/lib/swift/host/libSwiftInProcPluginServer.dylib -o /Users/cirogiovannicalisto/Library/Developer/Xcode/DerivedData/Final_Version-gqdxjsjsbmjcimblwbnitzwmsisn/Build/Intermediates.noindex/Final\ Version.build/Debug-iphoneos/Final\ Version.build/Objects-normal/arm64/ARBookView.o -o /Users/cirogiovannicalisto/Library/Developer/Xcode/DerivedData/Final_Version-gqdxjsjsbmjcimblwbnitzwmsisn/Build/Intermediates.noindex/Final\ Version.build/Debug-iphoneos/Final\ Version.build/Objects-normal/arm64/BookView.o -index-unit-output-path /Final\ Version.build/Debug-iphoneos/Final\ Version.build/Objects-normal/arm64/ARBookView.o -index-unit-output-path /Final\ Version.build/Debug-iphoneos/Final\ Version.build/Objects-normal/arm64/BookView.o -index-store-path /Users/cirogiovannicalisto/Library/Developer/Xcode/DerivedData/Final_Version-gqdxjsjsbmjcimblwbnitzwmsisn/Index.noindex/DataStore -index-system-modules

SwiftCompile normal arm64 /Users/cirogiovannicalisto/Desktop/Progetti/CH7/Challenge-7-Apple-Accademy/Final\ Version/SharedUI/ARBookView.swift (in target 'Final Version' from project 'Final Version')
    cd /Users/cirogiovannicalisto/Desktop/Progetti/CH7/Challenge-7-Apple-Accademy
    
/Users/cirogiovannicalisto/Desktop/Progetti/CH7/Challenge-7-Apple-Accademy/Final Version/SharedUI/ARBookView.swift:553:40: warning: immutable value 'sceneView' was never used; consider replacing with '_' or removing it
            guard !hasPlacedCards, let sceneView = sceneView else { return }
                                   ~~~~^~~~~~~~~
                                   _

SwiftCompile normal arm64 /Users/cirogiovannicalisto/Desktop/Progetti/CH7/Challenge-7-Apple-Accademy/Final\ Version/SharedUI/BookView.swift (in target 'Final Version' from project 'Final Version')
    cd /Users/cirogiovannicalisto/Desktop/Progetti/CH7/Challenge-7-Apple-Accademy
    
/Users/cirogiovannicalisto/Desktop/Progetti/CH7/Challenge-7-Apple-Accademy/Final Version/SharedUI/BookView.swift:421:14: warning: 'onChange(of:perform:)' was deprecated in iOS 17.0: Use `onChange` with a two or zero parameter action closure instead.
            .onChange(of: lm.currentLanguage) { _ in
             ^
/Users/cirogiovannicalisto/Desktop/Progetti/CH7/Challenge-7-Apple-Accademy/Final Version/SharedUI/BookView.swift:426:14: warning: 'onChange(of:perform:)' was deprecated in iOS 17.0: Use `onChange` with a two or zero parameter action closure instead.
            .onChange(of: geom.size.width) { _ in
             ^
/Users/cirogiovannicalisto/Desktop/Progetti/CH7/Challenge-7-Apple-Accademy/Final Version/SharedUI/BookView.swift:1197:26: error: instance member 'padding' cannot be used on type 'View'
                        .padding(.vertical, isCompact ? 10 : 20)
                        ~^~~~~~~
/Users/cirogiovannicalisto/Desktop/Progetti/CH7/Challenge-7-Apple-Accademy/Final Version/SharedUI/BookView.swift:1289:22: warning: '+' was deprecated in iOS 26.0: Use string interpolation on `Text` instead: `Text("Hello \(name)")`
                     + Text(restOfString).font(textFont).foregroundColor(textColor))
                     ^

SwiftCompile normal arm64 Compiling\ SettingsView.swift,\ EnvelopeOpeningView.swift /Users/cirogiovannicalisto/Desktop/Progetti/CH7/Challenge-7-Apple-Accademy/Final\ Version/Features/Settings/SettingsView.swift /Users/cirogiovannicalisto/Desktop/Progetti/CH7/Challenge-7-Apple-Accademy/Final\ Version/Features/StoryEvents/EnvelopeOpeningView.swift (in target 'Final Version' from project 'Final Version')

SwiftCompile normal arm64 /Users/cirogiovannicalisto/Desktop/Progetti/CH7/Challenge-7-Apple-Accademy/Final\ Version/Features/Settings/SettingsView.swift (in target 'Final Version' from project 'Final Version')
    cd /Users/cirogiovannicalisto/Desktop/Progetti/CH7/Challenge-7-Apple-Accademy
    

SwiftCompile normal arm64 /Users/cirogiovannicalisto/Desktop/Progetti/CH7/Challenge-7-Apple-Accademy/Final\ Version/Features/StoryEvents/EnvelopeOpeningView.swift (in target 'Final Version' from project 'Final Version')
    cd /Users/cirogiovannicalisto/Desktop/Progetti/CH7/Challenge-7-Apple-Accademy
    

SwiftCompile normal arm64 Compiling\ GamePillButton.swift /Users/cirogiovannicalisto/Desktop/Progetti/CH7/Challenge-7-Apple-Accademy/Final\ Version/SharedUI/GamePillButton.swift (in target 'Final Version' from project 'Final Version')

SwiftCompile normal arm64 /Users/cirogiovannicalisto/Desktop/Progetti/CH7/Challenge-7-Apple-Accademy/Final\ Version/SharedUI/GamePillButton.swift (in target 'Final Version' from project 'Final Version')
    cd /Users/cirogiovannicalisto/Desktop/Progetti/CH7/Challenge-7-Apple-Accademy
    

SwiftEmitModule normal arm64 Emitting\ module\ for\ Final_Version (in target 'Final Version' from project 'Final Version')

EmitSwiftModule normal arm64 (in target 'Final Version' from project 'Final Version')
    cd /Users/cirogiovannicalisto/Desktop/Progetti/CH7/Challenge-7-Apple-Accademy
    
/Users/cirogiovannicalisto/Desktop/Progetti/CH7/Challenge-7-Apple-Accademy/Final Version/Features/Map/CloudTransition.swift:283:34: warning: main actor-isolated static property 'playOpenDuration' can not be referenced from a nonisolated context
        duration: TimeInterval = playOpenDuration,
                                 ^
/Users/cirogiovannicalisto/Desktop/Progetti/CH7/Challenge-7-Apple-Accademy/Final Version/Features/Map/CloudTransition.swift:264:16: note: static property declared here
    static let playOpenDuration: TimeInterval = 0.8
               ^

SwiftCompile normal arm64 Compiling\ Event1Data.swift,\ AppMenuTitleView.swift /Users/cirogiovannicalisto/Desktop/Progetti/CH7/Challenge-7-Apple-Accademy/Final\ Version/Features/StoryEvents/Event1Data.swift /Users/cirogiovannicalisto/Desktop/Progetti/CH7/Challenge-7-Apple-Accademy/Final\ Version/SharedUI/AppMenuTitleView.swift (in target 'Final Version' from project 'Final Version')

SwiftCompile normal arm64 /Users/cirogiovannicalisto/Desktop/Progetti/CH7/Challenge-7-Apple-Accademy/Final\ Version/Features/StoryEvents/Event1Data.swift (in target 'Final Version' from project 'Final Version')
    cd /Users/cirogiovannicalisto/Desktop/Progetti/CH7/Challenge-7-Apple-Accademy
    

SwiftCompile normal arm64 /Users/cirogiovannicalisto/Desktop/Progetti/CH7/Challenge-7-Apple-Accademy/Final\ Version/SharedUI/AppMenuTitleView.swift (in target 'Final Version' from project 'Final Version')
    cd /Users/cirogiovannicalisto/Desktop/Progetti/CH7/Challenge-7-Apple-Accademy
    

SwiftCompile normal arm64 Compiling\ MascotGuideView.swift /Users/cirogiovannicalisto/Desktop/Progetti/CH7/Challenge-7-Apple-Accademy/Final\ Version/SharedUI/MascotGuideView.swift (in target 'Final Version' from project 'Final Version')

SwiftCompile normal arm64 /Users/cirogiovannicalisto/Desktop/Progetti/CH7/Challenge-7-Apple-Accademy/Final\ Version/SharedUI/MascotGuideView.swift (in target 'Final Version' from project 'Final Version')
    cd /Users/cirogiovannicalisto/Desktop/Progetti/CH7/Challenge-7-Apple-Accademy
    

SwiftDriverJobDiscovery normal arm64 Compiling GeneratedAssetSymbols.swift (in target 'Final Version' from project 'Final Version')

SwiftDriverJobDiscovery normal arm64 Compiling DialogueTextPaginator.swift (in target 'Final Version' from project 'Final Version')

SwiftCompile normal arm64 Compiling\ FairyTaleDialogueView.swift /Users/cirogiovannicalisto/Desktop/Progetti/CH7/Challenge-7-Apple-Accademy/Final\ Version/SharedUI/FairyTaleDialogueView.swift (in target 'Final Version' from project 'Final Version')

SwiftCompile normal arm64 /Users/cirogiovannicalisto/Desktop/Progetti/CH7/Challenge-7-Apple-Accademy/Final\ Version/SharedUI/FairyTaleDialogueView.swift (in target 'Final Version' from project 'Final Version')
    cd /Users/cirogiovannicalisto/Desktop/Progetti/CH7/Challenge-7-Apple-Accademy
    

SwiftDriverJobDiscovery normal arm64 Compiling Event1Data.swift, AppMenuTitleView.swift (in target 'Final Version' from project 'Final Version')

SwiftDriverJobDiscovery normal arm64 Compiling GamePillButton.swift (in target 'Final Version' from project 'Final Version')

SwiftDriverJobDiscovery normal arm64 Compiling MascotGuideView.swift (in target 'Final Version' from project 'Final Version')

SwiftDriverJobDiscovery normal arm64 Compiling MainMenuView.swift, AdaptiveMapContainer.swift (in target 'Final Version' from project 'Final Version')

SwiftDriverJobDiscovery normal arm64 Compiling FairyTaleDialogueView.swift (in target 'Final Version' from project 'Final Version')

SwiftDriverJobDiscovery normal arm64 Compiling CloudTransition.swift, ContentView.swift (in target 'Final Version' from project 'Final Version')

SwiftCompile normal arm64 Compiling\ RedHoodARStoryView.swift /Users/cirogiovannicalisto/Desktop/Progetti/CH7/Challenge-7-Apple-Accademy/Final\ Version/Features/StoryEvents/RedHoodARStoryView.swift (in target 'Final Version' from project 'Final Version')
SwiftCompile normal arm64 /Users/cirogiovannicalisto/Desktop/Progetti/CH7/Challenge-7-Apple-Accademy/Final\ Version/Features/StoryEvents/RedHoodARStoryView.swift (in target 'Final Version' from project 'Final Version')
    cd /Users/cirogiovannicalisto/Desktop/Progetti/CH7/Challenge-7-Apple-Accademy
    

SwiftCompile normal arm64 Compiling\ RootView.swift /Users/cirogiovannicalisto/Desktop/Progetti/CH7/Challenge-7-Apple-Accademy/Final\ Version/App/RootView.swift (in target 'Final Version' from project 'Final Version')

SwiftCompile normal arm64 /Users/cirogiovannicalisto/Desktop/Progetti/CH7/Challenge-7-Apple-Accademy/Final\ Version/App/RootView.swift (in target 'Final Version' from project 'Final Version')
    cd /Users/cirogiovannicalisto/Desktop/Progetti/CH7/Challenge-7-Apple-Accademy
    

SwiftCompile normal arm64 Compiling\ EventFlowView.swift /Users/cirogiovannicalisto/Desktop/Progetti/CH7/Challenge-7-Apple-Accademy/Final\ Version/Features/StoryEvents/EventFlowView.swift (in target 'Final Version' from project 'Final Version')

SwiftCompile normal arm64 /Users/cirogiovannicalisto/Desktop/Progetti/CH7/Challenge-7-Apple-Accademy/Final\ Version/Features/StoryEvents/EventFlowView.swift (in target 'Final Version' from project 'Final Version')
    cd /Users/cirogiovannicalisto/Desktop/Progetti/CH7/Challenge-7-Apple-Accademy
    

SwiftCompile normal arm64 Compiling\ PackOpeningView.swift /Users/cirogiovannicalisto/Desktop/Progetti/CH7/Challenge-7-Apple-Accademy/Final\ Version/Features/StoryEvents/PackOpeningView.swift (in target 'Final Version' from project 'Final Version')

SwiftCompile normal arm64 /Users/cirogiovannicalisto/Desktop/Progetti/CH7/Challenge-7-Apple-Accademy/Final\ Version/Features/StoryEvents/PackOpeningView.swift (in target 'Final Version' from project 'Final Version')
    cd /Users/cirogiovannicalisto/Desktop/Progetti/CH7/Challenge-7-Apple-Accademy
    

SwiftCompile normal arm64 Compiling\ AdvancedSettingsMathGate.swift /Users/cirogiovannicalisto/Desktop/Progetti/CH7/Challenge-7-Apple-Accademy/Final\ Version/Features/Settings/AdvancedSettingsMathGate.swift (in target 'Final Version' from project 'Final Version')

SwiftCompile normal arm64 /Users/cirogiovannicalisto/Desktop/Progetti/CH7/Challenge-7-Apple-Accademy/Final\ Version/Features/Settings/AdvancedSettingsMathGate.swift (in target 'Final Version' from project 'Final Version')
    cd /Users/cirogiovannicalisto/Desktop/Progetti/CH7/Challenge-7-Apple-Accademy
    

SwiftDriverJobDiscovery normal arm64 Compiling RootView.swift (in target 'Final Version' from project 'Final Version')

** BUILD FAILED **


The following build commands failed:
	SwiftCompile normal arm64 Compiling\ ARBookView.swift,\ BookView.swift /Users/cirogiovannicalisto/Desktop/Progetti/CH7/Challenge-7-Apple-Accademy/Final\ Version/SharedUI/ARBookView.swift /Users/cirogiovannicalisto/Desktop/Progetti/CH7/Challenge-7-Apple-Accademy/Final\ Version/SharedUI/BookView.swift (in target 'Final Version' from project 'Final Version')
	SwiftCompile normal arm64 /Users/cirogiovannicalisto/Desktop/Progetti/CH7/Challenge-7-Apple-Accademy/Final\ Version/SharedUI/BookView.swift (in target 'Final Version' from project 'Final Version')
	Building project Final Version with scheme Final Version
(3 failures)
